checkpoint : /share/portal/kk837/depthbasedRL/train_dir/fig4/long_leg_screwing_teachers/furniture_bench_leg4_200mm_finetune_rgf10_dr_wrench_2026-05-25_22-16-15/0_furniture_bench_leg4_200mm_finetune_rgf10_dr_wrench_2026-05-25_22-16-15/last/model.pth
overrides  : /share/portal/kk837/depthbasedRL/train_dir/fig4/long_leg_screwing_teachers/furniture_bench_leg4_200mm_finetune_rgf10_dr_wrench_2026-05-25_22-16-15/.hydra/overrides.yaml
output     : /share/portal/kk837/depthbasedRL/plot_figures/rebuttal/experiments/outputs/screw_leg_ratio_sweep.json
[WARN][AppLauncher]: There are no arguments attached to the ArgumentParser object. If you have your own arguments, please load your own arguments before calling the `AppLauncher.add_app_launcher_args` method. This allows the method to check the validity of the arguments and perform checks for argument names.
[INFO][AppLauncher]: Using device: cuda:0
[INFO][AppLauncher]: Loading experience file: /share/portal/kk837/depthbasedRL/.venv_isaacsim/lib/python3.11/site-packages/isaaclab/apps/isaaclab.python.headless.rendering.kit
Loading user config located at: '/share/portal/kk837/depthbasedRL/.venv_isaacsim/lib/python3.11/site-packages/isaacsim/kit/data/Kit/Isaac-Sim/5.1/user.config.json'
[Info] [carb] Logging to file: /share/portal/kk837/depthbasedRL/.venv_isaacsim/lib/python3.11/site-packages/isaacsim/kit/logs/Kit/Isaac-Sim/5.1/kit_20260806_173236.log
2026-08-06T21:32:37Z [1,366ms] [Warning] [carb.windowing-glfw.plugin] GLFW initialization failed.
2026-08-06T21:32:37Z [1,366ms] [Warning] [carb] Failed to startup plugin carb.windowing-glfw.plugin (interfaces: [carb::windowing::IGLContext v1.0],[carb::windowing::IWindowing v1.5]) (impl: carb.windowing-glfw.plugin)
2026-08-06T21:32:37Z [1,441ms] [Warning] [omni.platforminfo.plugin] failed to open the default display.  Can't verify X Server version.
2026-08-06T21:32:37Z [1,455ms] [Warning] [carb.cudainterop.plugin] CUDA_VISIBLE_DEVICES environment variable is set.
2026-08-06T21:32:37Z [1,455ms] [Warning] [carb.cudainterop.plugin] Note CUDA device enumeration and Omniverse device enumeration are different.
2026-08-06T21:32:37Z [1,455ms] [Warning] [carb.cudainterop.plugin] Setting CUDA_VISIBLE_DEVICES can lead to undesired behavior or crashes.
2026-08-06T21:32:37Z [1,488ms] [Warning] [gpu.foundation.plugin] [ShaderCache]: 95 percent of the driver's shadercache size limit has been reached. Max size: 4000.00 MB, Currently used: 3999.76 MB. To avoid a persistent long startup or USD load time on every app launch, recommended to free space by deleting driver caches using one of the following methods:
- By running the app with --/renderer/shadercache/driverDiskCache/flush=true (only once).
- Or by manually deleting the following folders: '%LOCALAPPDATA%/NVIDIA/DXCache/Omniverse' (Windows-DX) or '$omni_cache/shaders/nv_shadercache' (Windows-Vulkan, Linux-Vulkan).
Driver caches will be re-generated which may take a few minutes on the next launch.

|---------------------------------------------------------------------------------------------|
| Driver Version: 570.124.06    | Graphics API: Vulkan
|=============================================================================================|
| GPU | Name                             | Active | LDA | GPU Memory | Vendor-ID | LUID       |
|     |                                  |        |     |            | Device-ID | UUID       |
|     |                                  |        |     |            | Bus-ID    |            |
|---------------------------------------------------------------------------------------------|
| 0   | NVIDIA RTX 6000 Ada Generation   | Yes: 0 |     | 49386   MB | 10de      | 0          |
|     |                                  |        |     |            | 26b1      | c9826a3a.. |
|     |                                  |        |     |            | 30        |            |
|=============================================================================================|
| OS: 24.04.4 LTS (Noble Numbat) ubuntu, Version: 24.04.4, Kernel: 6.8.0-124-generic
| Processor: Intel(R) Xeon(R) Gold 6448Y
| Cores: 64 | Logical Cores: 64
|---------------------------------------------------------------------------------------------|
| Total Memory (MB): 1031757 | Free Memory: 961739
| Total Page/Swap (MB): 4095 | Free Page/Swap: 521
|---------------------------------------------------------------------------------------------|
2026-08-06T21:32:38Z [2,484ms] [Warning] [gpu.foundation.plugin] CPU performance profile is set to conservative. This profile gradually sets the CPU frequency based on the current load and may not deliver best performance.
2026-08-06T21:32:38Z [2,500ms] [Warning] [gpu.foundation.plugin] IOMMU is enabled.
2026-08-06T21:32:40Z [4,040ms] [Warning] [carb.windowing-glfw.plugin] GLFW initialization failed.
2026-08-06T21:32:40Z [4,040ms] [Warning] [carb] Failed to startup plugin carb.windowing-glfw.plugin (interfaces: [carb::windowing::IGLContext v1.0],[carb::windowing::IWindowing v1.5]) (impl: carb.windowing-glfw.plugin)
2026-08-06T21:32:40Z [4,067ms] [Warning] [carb.windowing-glfw.plugin] GLFW initialization failed.
2026-08-06T21:32:40Z [4,068ms] [Warning] [carb] Failed to startup plugin carb.windowing-glfw.plugin (interfaces: [carb::windowing::IGLContext v1.0],[carb::windowing::IWindowing v1.5]) (impl: carb.windowing-glfw.plugin)
2026-08-06T21:32:40Z [4,079ms] [Warning] [carb.windowing-glfw.plugin] GLFW initialization failed.
2026-08-06T21:32:40Z [4,079ms] [Warning] [carb] Failed to startup plugin carb.windowing-glfw.plugin (interfaces: [carb::windowing::IGLContext v1.0],[carb::windowing::IWindowing v1.5]) (impl: carb.windowing-glfw.plugin)
2026-08-06T21:32:40Z [4,103ms] [Warning] [carb.windowing-glfw.plugin] GLFW initialization failed.
2026-08-06T21:32:40Z [4,103ms] [Warning] [carb] Failed to startup plugin carb.windowing-glfw.plugin (interfaces: [carb::windowing::IGLContext v1.0],[carb::windowing::IWindowing v1.5]) (impl: carb.windowing-glfw.plugin)
2026-08-06T21:32:40Z [4,105ms] [Warning] [carb.windowing-glfw.plugin] GLFW initialization failed.
2026-08-06T21:32:40Z [4,105ms] [Warning] [carb] Failed to startup plugin carb.windowing-glfw.plugin (interfaces: [carb::windowing::IGLContext v1.0],[carb::windowing::IWindowing v1.5]) (impl: carb.windowing-glfw.plugin)
2026-08-06T21:32:40Z [4,107ms] [Warning] [carb.windowing-glfw.plugin] GLFW initialization failed.
2026-08-06T21:32:40Z [4,107ms] [Warning] [carb] Failed to startup plugin carb.windowing-glfw.plugin (interfaces: [carb::windowing::IGLContext v1.0],[carb::windowing::IWindowing v1.5]) (impl: carb.windowing-glfw.plugin)
2026-08-06T21:32:41Z [4,580ms] [Warning] [omni.log] Source: omni.hydra was already registered.
2026-08-06T21:32:42Z [5,575ms] [Warning] [carb] Acquiring non optional plugin interface which is not listed as dependency: [omni::physx::IPhysxBenchmarks v1.0] (plugin: <default plugin>), by client: omni.physics.physx.plugin. Add it to CARB_PLUGIN_IMPL_DEPS() macro of a client.
2026-08-06T21:32:42Z [5,607ms] [Warning] [omni.isaac.dynamic_control] omni.isaac.dynamic_control is deprecated as of Isaac Sim 4.5. No action is needed from end-users.
2026-08-06T21:32:45Z [9,509ms] [Warning] [pxr.Semantics] pxr.Semantics is deprecated - please use Semantics instead
2026-08-06T21:32:46Z [9,892ms] [Warning] [omni.graph.core.plugin] Found duplicate of category 'Replicator' - was 'Annotators', adding 'Fabric Reader'
2026-08-06T21:32:46Z [9,892ms] [Warning] [omni.graph.core.plugin] Category 'Replicator' not accepted on node type 'omni.replicator.core.FabricReader' in extension 'omni.replicator.core'
2026-08-06T21:32:46Z [9,894ms] [Warning] [omni.replicator.core.scripts.extension] No material configuration file, adding configuration to material settings directly.
2026-08-06T21:32:52Z [16,376ms] [Warning] [omni.fabric.plugin] Warning: attribute viewportHandle not found for bucket id 7

[INFO]: Parsing configuration from: isaacsimenvs.tasks.peg_in_hole.peg_in_hole_env_cfg:PegInHoleEnvCfg
=> applied 36 training overrides
=> cli overrides: {'env.domain_randomization.force_scale': 0.0, 'env.domain_randomization.torque_scale': 0.0, 'env.peg_in_hole.random_goal_fraction': 0.0}
=> problem=furniture_bench.one_leg_leg4_200mm_matchedmass_sdf_hybrid_super_dense  goal_mode=preInsertAndFinal  retract=True
2026-08-06T21:32:53Z [17,222ms] [Warning] [isaaclab.envs.direct_rl_env] Seed not set for the environment. The environment creation may not be deterministic.

[36m=========================================================================================================[0m
[36m[1m[INFO][IsaacLab]: Logging to file: /share/portal/kk837/tmp/isaaclab/logs/isaaclab_2026-08-06_17-32-53.log[0m
[36m=========================================================================================================[0m

[33m17:32:53 [simulation_context.py] WARNING: The `enable_external_forces_every_iteration` parameter in the PhysxCfg is set to False. If you are experiencing noisy velocities, consider enabling this flag. You may need to slightly increase the number of velocity iterations (setting it to 1 or 2 rather than 0), together with this flag, to improve the accuracy of velocity updates.[0m
[INFO]: Base environment:
	Environment device    : cuda:0
	Environment seed      : None
	Physics step-size     : 0.00833333333
	Rendering step-size   : 0.01666666666
	Environment step-size : 0.01666666666
[scene_utils][+0.00s] peg-in-hole setup start num_envs=512
2026-08-06T21:32:54Z [18,282ms] [Warning] [isaacsim.asset.importer.urdf] DEPRECATION WARNING: Merging bodies with inertia is deprecated. This will be removed in a future release.
2026-08-06T21:32:54Z [18,282ms] [Warning] [isaacsim.asset.importer.urdf] link body_link has body properties (mass, inertia, or collisions) and is being merged into base_link
2026-08-06T21:32:54Z [18,282ms] [Warning] [isaacsim.asset.importer.urdf] DEPRECATION WARNING: Merging bodies with inertia is deprecated. This will be removed in a future release.
2026-08-06T21:32:54Z [18,282ms] [Warning] [isaacsim.asset.importer.urdf] link thread_link has body properties (mass, inertia, or collisions) and is being merged into base_link
[scene_utils] applied URDF SDF collision markers to 1 prims in square_table_leg4_200mm_matchedmass_sdf_hybrid_physics.usd (square_table_leg4_200mm_thread:1)
[scene_utils] applied URDF SDF collision markers to 1 prims in one_leg_sdf_hybrid_physics.usd (one_leg_hole_detail:1)
2026-08-06T21:32:55Z [18,947ms] [Warning] [isaacsim.asset.importer.urdf] DEPRECATION WARNING: Merging bodies with inertia is deprecated. This will be removed in a future release.
2026-08-06T21:32:55Z [18,947ms] [Warning] [isaacsim.asset.importer.urdf] link left_thumb_fingertip has body properties (mass, inertia, or collisions) and is being merged into left_thumb_elastomer
2026-08-06T21:32:55Z [18,947ms] [Warning] [isaacsim.asset.importer.urdf] DEPRECATION WARNING: Merging bodies with inertia is deprecated. This will be removed in a future release.
2026-08-06T21:32:55Z [18,947ms] [Warning] [isaacsim.asset.importer.urdf] link left_thumb_elastomer has body properties (mass, inertia, or collisions) and is being merged into left_thumb_DP
2026-08-06T21:32:55Z [18,947ms] [Warning] [isaacsim.asset.importer.urdf] DEPRECATION WARNING: Merging bodies with inertia is deprecated. This will be removed in a future release.
2026-08-06T21:32:55Z [18,947ms] [Warning] [isaacsim.asset.importer.urdf] link left_index_fingertip has body properties (mass, inertia, or collisions) and is being merged into left_index_elastomer
2026-08-06T21:32:55Z [18,947ms] [Warning] [isaacsim.asset.importer.urdf] DEPRECATION WARNING: Merging bodies with inertia is deprecated. This will be removed in a future release.
2026-08-06T21:32:55Z [18,947ms] [Warning] [isaacsim.asset.importer.urdf] link left_index_elastomer has body properties (mass, inertia, or collisions) and is being merged into left_index_DP
2026-08-06T21:32:55Z [18,947ms] [Warning] [isaacsim.asset.importer.urdf] DEPRECATION WARNING: Merging bodies with inertia is deprecated. This will be removed in a future release.
2026-08-06T21:32:55Z [18,947ms] [Warning] [isaacsim.asset.importer.urdf] link left_middle_fingertip has body properties (mass, inertia, or collisions) and is being merged into left_middle_elastomer
2026-08-06T21:32:55Z [18,947ms] [Warning] [isaacsim.asset.importer.urdf] DEPRECATION WARNING: Merging bodies with inertia is deprecated. This will be removed in a future release.
2026-08-06T21:32:55Z [18,947ms] [Warning] [isaacsim.asset.importer.urdf] link left_middle_elastomer has body properties (mass, inertia, or collisions) and is being merged into left_middle_DP
2026-08-06T21:32:55Z [18,947ms] [Warning] [isaacsim.asset.importer.urdf] DEPRECATION WARNING: Merging bodies with inertia is deprecated. This will be removed in a future release.
2026-08-06T21:32:55Z [18,947ms] [Warning] [isaacsim.asset.importer.urdf] link left_ring_fingertip has body properties (mass, inertia, or collisions) and is being merged into left_ring_elastomer
2026-08-06T21:32:55Z [18,947ms] [Warning] [isaacsim.asset.importer.urdf] DEPRECATION WARNING: Merging bodies with inertia is deprecated. This will be removed in a future release.
2026-08-06T21:32:55Z [18,947ms] [Warning] [isaacsim.asset.importer.urdf] link left_ring_elastomer has body properties (mass, inertia, or collisions) and is being merged into left_ring_DP
2026-08-06T21:32:55Z [18,947ms] [Warning] [isaacsim.asset.importer.urdf] DEPRECATION WARNING: Merging bodies with inertia is deprecated. This will be removed in a future release.
2026-08-06T21:32:55Z [18,947ms] [Warning] [isaacsim.asset.importer.urdf] link left_pinky_fingertip has body properties (mass, inertia, or collisions) and is being merged into left_pinky_elastomer
2026-08-06T21:32:55Z [18,947ms] [Warning] [isaacsim.asset.importer.urdf] DEPRECATION WARNING: Merging bodies with inertia is deprecated. This will be removed in a future release.
2026-08-06T21:32:55Z [18,947ms] [Warning] [isaacsim.asset.importer.urdf] link left_pinky_elastomer has body properties (mass, inertia, or collisions) and is being merged into left_pinky_DP
2026-08-06T21:32:55Z [18,947ms] [Warning] [isaacsim.asset.importer.urdf] DEPRECATION WARNING: Merging bodies with inertia is deprecated. This will be removed in a future release.
2026-08-06T21:32:55Z [18,947ms] [Warning] [isaacsim.asset.importer.urdf] link left_hand_C_MC has body properties (mass, inertia, or collisions) and is being merged into sharpa_mount
2026-08-06T21:32:55Z [18,947ms] [Warning] [isaacsim.asset.importer.urdf] DEPRECATION WARNING: Merging bodies with inertia is deprecated. This will be removed in a future release.
2026-08-06T21:32:55Z [18,947ms] [Warning] [isaacsim.asset.importer.urdf] link sharpa_mount has body properties (mass, inertia, or collisions) and is being merged into iiwa14_link_ee
2026-08-06T21:32:55Z [18,947ms] [Warning] [isaacsim.asset.importer.urdf] DEPRECATION WARNING: Merging bodies with inertia is deprecated. This will be removed in a future release.
2026-08-06T21:32:55Z [18,947ms] [Warning] [isaacsim.asset.importer.urdf] link iiwa14_link_ee has body properties (mass, inertia, or collisions) and is being merged into iiwa14_link_7
[scene_utils][+3.89s] converted object/hole/table URDFs
[scene_utils][+6.44s] spawned robot/table/hole/object/goalviz
[scene_utils][+0.00s] hid 512 GoalViz prims from render products
[scene_utils][+6.95s] registered assets with scene
[33m17:33:00 [sensors.py] WARNING: Camera aperture offsets are not supported by Omniverse. These parameters will be ignored.[0m
[scene_utils][+0.15s] registered student camera backend=tiled modality=depth size=160x90
[INFO]: Time taken for scene creation : 7.145172 seconds
[INFO]: Scene manager:  <class InteractiveScene>
	Number of environments: 512
	Environment spacing   : 1.2
	Source prim name      : /World/envs/env_0
	Global prim paths     : []
	Replicate physics     : False
[INFO]: Starting the simulation. This may take a few seconds. Please wait...
